The ``BaseGeometry`` module
======================

Using ``integer_validator``
-------------------


First, import ``BaseGeometry`` from the ``7-base_geometry.py`` file:

    >>> BaseGeometry = __import__('7-base_geometry').BaseGeometry
    >>> bg = BaseGeometry()

Tests:

>>> bg.integer_validator("age", 1)

>>> bg.integer_validator("age", [3])
Traceback (most recent call last):
...
TypeError: age must be an integer

>>> bg.integer_validator("age", {3, 4})
Traceback (most recent call last):
...
TypeError: age must be an integer

>>> bg.integer_validator("age", True)
Traceback (most recent call last):
...
TypeError: age must be an integer

>>> bg.integer_validator("age", (4,))
Traceback (most recent call last):
...
TypeError: age must be an integer

>>> bg.integer_validator("age", [1])
Traceback (most recent call last):
...
TypeError: age must be an integer

Test: value must be an integer
>>> bg.integer_validator("Sam", "Simmons")
Traceback (most recent call last):
...
TypeError: Sam must be an integer

Test: value must be a positive number
>>> bg.integer_validator("age", -5)
Traceback (most recent call last):
...
ValueError: age must be greater than 0
